\BOOKMARK [1][-]{section.1}{\376\377\000I\000n\000t\000r\000o\000d\000u\000c\000t\000i\000o\000n}{}% 1
\BOOKMARK [1][-]{section.2}{\376\377\000R\000e\000l\000a\000t\000e\000d\000\040\000W\000o\000r\000k}{}% 2
\BOOKMARK [2][-]{subsection.2.1}{\376\377\000I\000n\000d\000i\000a\000n\000\040\000l\000e\000g\000a\000l\000\040\000N\000L\000P\000\040\000a\000n\000d\000\040\000j\000u\000d\000g\000m\000e\000n\000t\000\040\000p\000r\000e\000d\000i\000c\000t\000i\000o\000n}{section.2}% 3
\BOOKMARK [2][-]{subsection.2.2}{\376\377\000L\000e\000g\000a\000l\000\040\000r\000e\000t\000r\000i\000e\000v\000a\000l\000,\000\040\000b\000e\000n\000c\000h\000m\000a\000r\000k\000s\000,\000\040\000a\000n\000d\000\040\000t\000e\000m\000p\000o\000r\000a\000l\000\040\000c\000o\000n\000s\000t\000r\000a\000i\000n\000t\000s}{section.2}% 4
\BOOKMARK [2][-]{subsection.2.3}{\376\377\000P\000o\000s\000i\000t\000i\000o\000n\000i\000n\000g}{section.2}% 5
\BOOKMARK [1][-]{section.3}{\376\377\000P\000r\000o\000b\000l\000e\000m\000\040\000F\000o\000r\000m\000u\000l\000a\000t\000i\000o\000n}{}% 6
\BOOKMARK [2][-]{subsection.3.1}{\376\377\000R\000e\000s\000e\000a\000r\000c\000h\000\040\000q\000u\000e\000s\000t\000i\000o\000n\000s}{section.3}% 7
\BOOKMARK [1][-]{section.4}{\376\377\000C\000o\000r\000p\000u\000s\000\040\000C\000o\000n\000s\000t\000r\000u\000c\000t\000i\000o\000n\000\040\000a\000n\000d\000\040\000A\000u\000d\000i\000t\000i\000n\000g}{}% 8
\BOOKMARK [2][-]{subsection.4.1}{\376\377\000P\000u\000r\000p\000o\000s\000e\000-\000s\000p\000l\000i\000t\000\040\000c\000o\000r\000p\000u\000s\000\040\000d\000e\000s\000i\000g\000n}{section.4}% 9
\BOOKMARK [2][-]{subsection.4.2}{\376\377\000S\000o\000u\000r\000c\000e\000-\000q\000u\000a\000l\000i\000t\000y\000\040\000a\000u\000d\000i\000t\000\040\000a\000n\000d\000\040\000t\000a\000r\000g\000e\000t\000e\000d\000\040\000O\000C\000R\000\040\000r\000e\000p\000a\000i\000r}{section.4}% 10
\BOOKMARK [2][-]{subsection.4.3}{\376\377\000C\000r\000o\000s\000s\000-\000c\000o\000r\000p\000u\000s\000\040\000i\000d\000e\000n\000t\000i\000f\000i\000e\000r\000\040\000a\000l\000i\000g\000n\000m\000e\000n\000t}{section.4}% 11
\BOOKMARK [2][-]{subsection.4.4}{\376\377\000S\000o\000u\000r\000c\000e\000-\000v\000e\000r\000i\000f\000i\000e\000d\000\040\000a\000u\000t\000h\000o\000r\000i\000t\000y\000\040\000a\000n\000s\000w\000e\000r\000\040\000k\000e\000y}{section.4}% 12
\BOOKMARK [1][-]{section.5}{\376\377\000S\000y\000s\000t\000e\000m\000\040\000D\000e\000s\000i\000g\000n}{}% 13
\BOOKMARK [1][-]{section.6}{\376\377\000M\000e\000t\000h\000o\000d}{}% 14
\BOOKMARK [2][-]{subsection.6.1}{\376\377\000S\000h\000a\000r\000e\000d\000\040\000f\000a\000c\000t\000s\000-\000o\000n\000l\000y\000\040\000i\000n\000p\000u\000t}{section.6}% 15
\BOOKMARK [2][-]{subsection.6.2}{\376\377\000E\0001\000:\000\040\000s\000p\000a\000r\000s\000e\000\040\000l\000i\000n\000e\000a\000r\000\040\000b\000a\000s\000e\000l\000i\000n\000e}{section.6}% 16
\BOOKMARK [2][-]{subsection.6.3}{\376\377\000E\0002\000:\000\040\000I\000n\000L\000e\000g\000a\000l\000B\000E\000R\000T\000\040\000c\000h\000u\000n\000k\000-\000a\000n\000d\000-\000p\000o\000o\000l}{section.6}% 17
\BOOKMARK [2][-]{subsection.6.4}{\376\377\000E\0003\000:\000\040\000t\000e\000m\000p\000o\000r\000a\000l\000l\000y\000\040\000c\000o\000n\000s\000t\000r\000a\000i\000n\000e\000d\000\040\000r\000e\000t\000r\000i\000e\000v\000a\000l}{section.6}% 18
\BOOKMARK [2][-]{subsection.6.5}{\376\377\000E\0004\000:\000\040\000c\000i\000t\000a\000t\000i\000o\000n\000\040\000a\000n\000d\000\040\000p\000r\000o\000v\000e\000n\000a\000n\000c\000e\000\040\000v\000e\000r\000i\000f\000i\000c\000a\000t\000i\000o\000n}{section.6}% 19
\BOOKMARK [2][-]{subsection.6.6}{\376\377\000I\000n\000f\000e\000r\000e\000n\000c\000e\000-\000t\000i\000m\000e\000\040\000e\000v\000i\000d\000e\000n\000c\000e\000\040\000a\000u\000g\000m\000e\000n\000t\000a\000t\000i\000o\000n}{section.6}% 20
\BOOKMARK [2][-]{subsection.6.7}{\376\377\000B\000u\000n\000d\000l\000e\000d\000-\000i\000n\000t\000e\000r\000v\000e\000n\000t\000i\000o\000n\000\040\000c\000a\000v\000e\000a\000t}{section.6}% 21
\BOOKMARK [1][-]{section.7}{\376\377\000C\000i\000t\000a\000t\000i\000o\000n\000\040\000a\000n\000d\000\040\000P\000r\000o\000v\000e\000n\000a\000n\000c\000e\000\040\000P\000r\000o\000t\000o\000c\000o\000l}{}% 22
\BOOKMARK [1][-]{section.8}{\376\377\000R\000e\000s\000u\000l\000t\000s}{}% 23
\BOOKMARK [2][-]{subsection.8.1}{\376\377\000R\000e\000p\000o\000r\000t\000i\000n\000g\000\040\000p\000o\000p\000u\000l\000a\000t\000i\000o\000n\000s}{section.8}% 24
\BOOKMARK [2][-]{subsection.8.2}{\376\377\000O\000u\000t\000c\000o\000m\000e\000\040\000p\000r\000e\000d\000i\000c\000t\000i\000o\000n}{section.8}% 25
\BOOKMARK [2][-]{subsection.8.3}{\376\377\000A\000u\000t\000h\000o\000r\000i\000t\000y\000\040\000r\000e\000c\000o\000v\000e\000r\000y\000\040\000a\000n\000d\000\040\000e\000v\000i\000d\000e\000n\000c\000e\000\040\000i\000n\000t\000e\000g\000r\000i\000t\000y}{section.8}% 26
\BOOKMARK [2][-]{subsection.8.4}{\376\377\000I\000n\000t\000e\000r\000p\000r\000e\000t\000i\000n\000g\000\040\000a\000u\000t\000h\000o\000r\000i\000t\000y\000-\000c\000o\000n\000s\000i\000s\000t\000e\000n\000c\000y\000\040\000p\000r\000e\000c\000i\000s\000i\000o\000n}{section.8}% 27
\BOOKMARK [2][-]{subsection.8.5}{\376\377\000R\000e\000t\000r\000i\000e\000v\000a\000l\000\040\000m\000e\000c\000h\000a\000n\000i\000s\000m}{section.8}% 28
\BOOKMARK [2][-]{subsection.8.6}{\376\377\000E\000x\000p\000l\000a\000n\000a\000t\000i\000o\000n\000\040\000f\000o\000r\000m\000a\000t}{section.8}% 29
\BOOKMARK [1][-]{section.9}{\376\377\000E\000r\000r\000o\000r\000\040\000A\000n\000a\000l\000y\000s\000i\000s}{}% 30
\BOOKMARK [2][-]{subsection.9.1}{\376\377\000O\000u\000t\000c\000o\000m\000e\000\040\000d\000i\000s\000a\000g\000r\000e\000e\000m\000e\000n\000t}{section.9}% 31
\BOOKMARK [2][-]{subsection.9.2}{\376\377\000A\000u\000t\000h\000o\000r\000i\000t\000y\000-\000r\000e\000c\000o\000v\000e\000r\000y\000\040\000b\000u\000c\000k\000e\000t\000s}{section.9}% 32
\BOOKMARK [2][-]{subsection.9.3}{\376\377\000W\000o\000r\000k\000e\000d\000\040\000e\000x\000a\000m\000p\000l\000e\000:\000\040\000r\000e\000t\000r\000i\000e\000v\000a\000l\000\040\000n\000o\000i\000s\000e\000\040\000m\000a\000d\000e\000\040\000v\000i\000s\000i\000b\000l\000e}{section.9}% 33
\BOOKMARK [1][-]{section.10}{\376\377\000L\000i\000m\000i\000t\000a\000t\000i\000o\000n\000s\000\040\000a\000n\000d\000\040\000T\000h\000r\000e\000a\000t\000s\000\040\000t\000o\000\040\000V\000a\000l\000i\000d\000i\000t\000y}{}% 34
\BOOKMARK [1][-]{section.11}{\376\377\000R\000e\000s\000p\000o\000n\000s\000i\000b\000l\000e\000\040\000U\000s\000e\000\040\000a\000n\000d\000\040\000G\000o\000v\000e\000r\000n\000a\000n\000c\000e}{}% 35
\BOOKMARK [1][-]{section.12}{\376\377\000C\000o\000n\000c\000l\000u\000s\000i\000o\000n\000\040\000a\000n\000d\000\040\000F\000u\000t\000u\000r\000e\000\040\000W\000o\000r\000k}{}% 36
\BOOKMARK [1][-]{section*.3}{\376\377\000R\000e\000f\000e\000r\000e\000n\000c\000e\000s}{}% 37
