Traceback (most recent call last):
  File "/work/scripts/infer_e2_checkpoint_predictions.py", line 112, in <module>
    main()
  File "/work/scripts/infer_e2_checkpoint_predictions.py", line 54, in main
    raise RuntimeError("E2 inference requires the frozen CUDA execution environment")
RuntimeError: E2 inference requires the frozen CUDA execution environment
Command exited with non-zero status 1
	Command being timed: "python scripts/infer_e2_checkpoint_predictions.py --checkpoint /work/checkpoints/checkpoint-6318 --output /out/e2_test.json"
	User time (seconds): 5.38
	System time (seconds): 0.23
	Percent of CPU this job got: 201%
	Elapsed (wall clock) time (h:mm:ss or m:ss): 0:02.78
	Average shared text size (kbytes): 0
	Average unshared data size (kbytes): 0
	Average stack size (kbytes): 0
	Average total size (kbytes): 0
	Maximum resident set size (kbytes): 345004
	Average resident set size (kbytes): 0
	Major (requiring I/O) page faults: 106
	Minor (reclaiming a frame) page faults: 56707
	Voluntary context switches: 990
	Involuntary context switches: 903
	Swaps: 0
	File system inputs: 71968
	File system outputs: 800
	Socket messages sent: 0
	Socket messages received: 0
	Signals delivered: 0
	Page size (bytes): 4096
	Exit status: 1
